--- Phase 1: Verify Connection ---
AI Response: Connection successful!

--- Phase 2: Verify Transcription (Whisper) ---
Transcribing sample_speech.wav...
Transcription Text: Thanks for watching!
Ô£à Transcription successful!

--- Phase 3: Verify AI Reasoning with Transcription ---
AI Reasoning Summary:
Summary: The speaker expresses gratitude to the audience for watching.

Mock Interview Tip: Always remember to show appreciation for the opportunity you have during an interview. A simple "Thank you for this opportunity" can leave a positive impression and demonstrate your enthusiasm for the position.

Ô£à Full Voice Listening Flow Verified Successfully!
